[codervent.com/fobia/demo/ltr/index.html]
[codervent.com/fobia/demo/ltr/assets/css/pace.min.css]
[codervent.com/fobia/demo/ltr/assets/js/pace.min.js]
[codervent.com/fobia/demo/ltr/assets/plugins/simplebar/css/simplebar.css]
[codervent.com/fobia/demo/ltr/assets/plugins/perfect-scrollbar/css/perfect-scrollbar.css]
[codervent.com/fobia/demo/ltr/assets/plugins/metismenu/css/metisMenu.min.css]
[codervent.com/fobia/demo/ltr/assets/css/bootstrap-extended.css]
[codervent.com/fobia/demo/ltr/assets/css/bootstrap.min.css]
[codervent.com/fobia/demo/ltr/assets/css/style.css]
[codervent.com/fobia/demo/ltr/assets/css/icons.css]
[codervent.com/fobia/demo/ltr/assets/css/dark-theme.css]
[codervent.com/fobia/demo/ltr/assets/css/semi-dark.css]
[codervent.com/fobia/demo/ltr/assets/css/header-colors.css]
[backblue.gif]
[fade.gif]
[index.html]
[codervent.com/fobia/demo/ltr/assets/images/logo-icon-2.png]
[codervent.com/fobia/demo/ltr/ecommerce-shop-grid-view.html]
[codervent.com/fobia/demo/ltr/ecommerce-shop-list-view.html]
[codervent.com/fobia/demo/ltr/ecommerce-shop-grid-view-top-filter.html]
[codervent.com/fobia/demo/ltr/ecommerce-product-details.html]
[codervent.com/fobia/demo/ltr/ecommerce-product-comparison.html]
[codervent.com/fobia/demo/ltr/ecommerce-shop-cart.html]
[codervent.com/fobia/demo/ltr/ecommerce-checkout-details.html]
[codervent.com/fobia/demo/ltr/ecommerce-checkout-shipping.html]
[codervent.com/fobia/demo/ltr/ecommerce-checkout-payment.html]
[codervent.com/fobia/demo/ltr/ecommerce-checkout-review.html]
[codervent.com/fobia/demo/ltr/ecommerce-checkout-complete.html]
[codervent.com/fobia/demo/ltr/widgets-static-widgets.html]
[codervent.com/fobia/demo/ltr/widgets-data-widgets.html]
[codervent.com/fobia/demo/ltr/component-alerts.html]
[codervent.com/fobia/demo/ltr/component-accordions.html]
[codervent.com/fobia/demo/ltr/component-badges.html]
[codervent.com/fobia/demo/ltr/component-buttons.html]
[codervent.com/fobia/demo/ltr/component-cards.html]
[codervent.com/fobia/demo/ltr/component-carousels.html]
[codervent.com/fobia/demo/ltr/component-list-groups.html]
[codervent.com/fobia/demo/ltr/component-media-object.html]
[codervent.com/fobia/demo/ltr/component-modals.html]
[codervent.com/fobia/demo/ltr/component-navs-tabs.html]
[codervent.com/fobia/demo/ltr/component-paginations.html]
[codervent.com/fobia/demo/ltr/component-popovers-tooltips.html]
[codervent.com/fobia/demo/ltr/component-progress-bars.html]
[codervent.com/fobia/demo/ltr/component-spinners.html]
[codervent.com/fobia/demo/ltr/component-notifications.html]
[codervent.com/fobia/demo/ltr/icons-line-icons.html]
[codervent.com/fobia/demo/ltr/icons-boxicons.html]
[codervent.com/fobia/demo/ltr/icons-feather-icons.html]
[codervent.com/fobia/demo/ltr/form-elements.html]
[codervent.com/fobia/demo/ltr/form-input-group.html]
[codervent.com/fobia/demo/ltr/form-layouts.html]
[codervent.com/fobia/demo/ltr/form-validations.html]
[codervent.com/fobia/demo/ltr/form-wizard.html]
[codervent.com/fobia/demo/ltr/form-radios-and-checkboxes.html]
[codervent.com/fobia/demo/ltr/form-date-time-pickes.html]
[codervent.com/fobia/demo/ltr/form-select2.html]
[codervent.com/fobia/demo/ltr/table-basic-table.html]
[codervent.com/fobia/demo/ltr/table-advance-tables.html]
[codervent.com/fobia/demo/ltr/table-datatable.html]
[codervent.com/fobia/demo/ltr/authentication-sign-in-basic.html]
[codervent.com/fobia/demo/ltr/authentication-sign-in-cover.html]
[codervent.com/fobia/demo/ltr/authentication-sign-in-simple.html]
[codervent.com/fobia/demo/ltr/authentication-sign-up-basic.html]
[codervent.com/fobia/demo/ltr/authentication-sign-up-cover.html]
[codervent.com/fobia/demo/ltr/authentication-sign-up-simple.html]
[codervent.com/fobia/demo/ltr/authentication-reset-password-basic.html]
[codervent.com/fobia/demo/ltr/authentication-reset-password-cover.html]
[codervent.com/fobia/demo/ltr/authentication-reset-password-simple.html]
[codervent.com/fobia/demo/ltr/pages-user-profile.html]
[codervent.com/fobia/demo/ltr/pages-edit-profile.html]
[codervent.com/fobia/demo/ltr/pages-invoices.html]
[codervent.com/fobia/demo/ltr/pages-to-do.html]
[codervent.com/fobia/demo/ltr/pages-faq.html]
[codervent.com/fobia/demo/ltr/pages-pricing-tables.html]
[codervent.com/fobia/demo/ltr/pages-errors-404-error.html]
[codervent.com/fobia/demo/ltr/pages-errors-500-error.html]
[codervent.com/fobia/demo/ltr/pages-errors-coming-soon.html]
[codervent.com/fobia/demo/ltr/pages-starter-page.html]
[codervent.com/fobia/demo/ltr/charts-apex-chart.html]
[codervent.com/fobia/demo/ltr/charts-chartjs.html]
[codervent.com/fobia/demo/ltr/charts-peity.html]
[codervent.com/fobia/demo/ltr/charts-other.html]
[codervent.com/fobia/demo/ltr/map-google-maps.html]
[codervent.com/fobia/demo/ltr/map-vector-maps.html]
[codervent.com/fobia/demo/ltr/assets/images/avatars/06.png]
[codervent.com/fobia/demo/ltr/assets/images/icons/usa.png]
[codervent.com/fobia/demo/ltr/assets/images/icons/india.png]
[codervent.com/fobia/demo/ltr/assets/images/icons/china.png]
[codervent.com/fobia/demo/ltr/assets/images/icons/russia.png]
[codervent.com/fobia/demo/ltr/assets/images/icons/australia.png]
[codervent.com/fobia/demo/ltr/assets/images/icons/brazil.png]
[codervent.com/fobia/demo/ltr/assets/images/icons/UAE.png]
[codervent.com/fobia/demo/ltr/assets/images/products/11.png]
[codervent.com/fobia/demo/ltr/assets/images/products/07.png]
[codervent.com/fobia/demo/ltr/assets/images/products/17.png]
[codervent.com/fobia/demo/ltr/assets/images/products/04.png]
[codervent.com/fobia/demo/ltr/assets/images/products/10.png]
[codervent.com/fobia/demo/ltr/assets/images/products/12.png]
[codervent.com/fobia/demo/ltr/assets/js/jquery.min.js]
[codervent.com/fobia/demo/ltr/assets/plugins/metismenu/js/metisMenu.min.js]
[codervent.com/fobia/demo/ltr/assets/plugins/simplebar/js/simplebar.min.js]
[codervent.com/fobia/demo/ltr/assets/js/bootstrap.bundle.min.js]
[unpkg.com/ionicons@5.5.2/dist/ionicons/ionicons.esm.js]
[codervent.com/fobia/demo/ltr/assets/plugins/perfect-scrollbar/js/perfect-scrollbar.js]
[codervent.com/fobia/demo/ltr/assets/plugins/easyPieChart/jquery.easypiechart.js]
[codervent.com/fobia/demo/ltr/assets/plugins/apexcharts-bundle/js/apexcharts.min.js]
[codervent.com/fobia/demo/ltr/assets/plugins/chartjs/chart.min.js]
[codervent.com/fobia/demo/ltr/assets/js/index.js]
[codervent.com/fobia/demo/ltr/assets/js/main.js]
[codervent.com/fobia/demo/ltr/index.html]
[codervent.com/fobia/demo/ltr/assets/css/pace.min.css]
[codervent.com/fobia/demo/ltr/assets/plugins/simplebar/css/simplebar.css]
[codervent.com/fobia/demo/ltr/assets/plugins/perfect-scrollbar/css/perfect-scrollbar.css]
[codervent.com/fobia/demo/ltr/assets/plugins/metismenu/css/metisMenu.min.css]
[codervent.com/fobia/demo/ltr/assets/css/bootstrap.min.css]
[codervent.com/fobia/demo/ltr/assets/css/bootstrap-extended.css]
[codervent.com/fobia/demo/ltr/assets/images/cards/profile-cover.png]
[codervent.com/fobia/demo/ltr/assets/images/authentication/au-sign-up-basic.png]
[codervent.com/fobia/demo/ltr/assets/images/authentication/register-cover-img.png]
[codervent.com/fobia/demo/ltr/assets/images/authentication/au-reset-password-cover.png]
[codervent.com/fobia/demo/ltr/assets/images/authentication/au-sign-in-basic.png]
[codervent.com/fobia/demo/ltr/assets/css/style.css]
[codervent.com/fobia/demo/ltr/assets/fonts/boxicons.eot]
[codervent.com/fobia/demo/ltr/assets/fonts/boxicons.woff2]
[codervent.com/fobia/demo/ltr/assets/fonts/boxicons.woff]
[codervent.com/fobia/demo/ltr/assets/fonts/boxicons.ttf]
[codervent.com/fobia/demo/ltr/assets/fonts/LineIcons.eot]
[codervent.com/fobia/demo/ltr/assets/fonts/LineIcons.woff2]
[codervent.com/fobia/demo/ltr/assets/fonts/LineIcons.woff]
[codervent.com/fobia/demo/ltr/assets/fonts/LineIcons.ttf]
[codervent.com/fobia/demo/ltr/assets/css/icons.css]
[codervent.com/fobia/demo/ltr/assets/css/dark-theme.css]
[codervent.com/fobia/demo/ltr/assets/css/semi-dark.css]
[codervent.com/fobia/demo/ltr/assets/css/header-colors.css]
[codervent.com/fobia/demo/ltr/assets/plugins/nouislider/nouislider.min.css]
[codervent.com/fobia/demo/ltr/assets/images/products/01.png]
[codervent.com/fobia/demo/ltr/assets/images/products/02.png]
[codervent.com/fobia/demo/ltr/assets/images/products/03.png]
[codervent.com/fobia/demo/ltr/assets/images/products/05.png]
[codervent.com/fobia/demo/ltr/assets/images/products/06.png]
[codervent.com/fobia/demo/ltr/assets/images/products/08.png]
[codervent.com/fobia/demo/ltr/assets/images/products/09.png]
[codervent.com/fobia/demo/ltr/assets/plugins/nouislider/nouislider.min.js]
[codervent.com/fobia/demo/ltr/assets/js/price-slider.js]
[codervent.com/fobia/demo/ltr/ecommerce-shop-grid-view.html]
[codervent.com/fobia/demo/ltr/ecommerce-shop-list-view.html]
[codervent.com/fobia/demo/ltr/ecommerce-shop-grid-view-top-filter.html]
[codervent.com/fobia/demo/ltr/assets/plugins/OwlCarousel/css/owl.carousel.min.css]
[codervent.com/fobia/demo/ltr/assets/images/product-gallery/01.png]
[codervent.com/fobia/demo/ltr/assets/images/product-gallery/02.png]
[codervent.com/fobia/demo/ltr/assets/images/product-gallery/03.png]
[codervent.com/fobia/demo/ltr/assets/images/product-gallery/04.png]
[codervent.com/fobia/demo/ltr/assets/images/avatars/01.png]
[codervent.com/fobia/demo/ltr/assets/images/avatars/02.png]
[codervent.com/fobia/demo/ltr/assets/images/avatars/03.png]
[codervent.com/fobia/demo/ltr/assets/images/similar-products/01.png]
[codervent.com/fobia/demo/ltr/assets/images/similar-products/02.png]
[codervent.com/fobia/demo/ltr/assets/images/similar-products/03.png]
[codervent.com/fobia/demo/ltr/assets/images/similar-products/04.png]
[codervent.com/fobia/demo/ltr/assets/images/similar-products/05.png]
[codervent.com/fobia/demo/ltr/assets/images/similar-products/06.png]
[codervent.com/fobia/demo/ltr/assets/images/similar-products/07.png]
[codervent.com/fobia/demo/ltr/assets/plugins/OwlCarousel/js/owl.carousel.min.js]
[codervent.com/fobia/demo/ltr/assets/plugins/OwlCarousel/js/owl.carousel2.thumbs.min.js]
[codervent.com/fobia/demo/ltr/assets/js/product-details.js]
[codervent.com/fobia/demo/ltr/ecommerce-product-details.html]
[codervent.com/fobia/demo/ltr/assets/images/products/22.png]
[codervent.com/fobia/demo/ltr/assets/images/products/23.png]
[codervent.com/fobia/demo/ltr/ecommerce-product-comparison.html]
[codervent.com/fobia/demo/ltr/ecommerce-shop-cart.html]
[codervent.com/fobia/demo/ltr/ecommerce-checkout-details.html]
[codervent.com/fobia/demo/ltr/ecommerce-checkout-shipping.html]
[codervent.com/fobia/demo/ltr/assets/images/icons/mastercard.png]
[codervent.com/fobia/demo/ltr/assets/images/icons/visa.png]
[codervent.com/fobia/demo/ltr/assets/images/icons/american-express.png]
[codervent.com/fobia/demo/ltr/ecommerce-checkout-payment.html]
[codervent.com/fobia/demo/ltr/ecommerce-checkout-review.html]
[codervent.com/fobia/demo/ltr/ecommerce-checkout-complete.html]
[codervent.com/fobia/demo/ltr/widgets-static-widgets.html]
[codervent.com/fobia/demo/ltr/assets/js/widgets.js]
[codervent.com/fobia/demo/ltr/widgets-data-widgets.html]
[codervent.com/fobia/demo/ltr/component-alerts.html]
[codervent.com/fobia/demo/ltr/component-accordions.html]
[codervent.com/fobia/demo/ltr/component-badges.html]
[codervent.com/fobia/demo/ltr/component-buttons.html]
[codervent.com/fobia/demo/ltr/assets/images/cards/01.png]
[codervent.com/fobia/demo/ltr/assets/images/cards/02.png]
[codervent.com/fobia/demo/ltr/assets/images/cards/03.png]
[codervent.com/fobia/demo/ltr/assets/images/cards/15.png]
[codervent.com/fobia/demo/ltr/assets/images/cards/16.png]
[codervent.com/fobia/demo/ltr/assets/images/cards/17.png]
[codervent.com/fobia/demo/ltr/assets/images/cards/18.png]
[codervent.com/fobia/demo/ltr/assets/images/cards/19.png]
[codervent.com/fobia/demo/ltr/assets/images/cards/20.png]
[codervent.com/fobia/demo/ltr/assets/images/cards/21.png]
[codervent.com/fobia/demo/ltr/assets/images/cards/07.png]
[codervent.com/fobia/demo/ltr/assets/images/cards/08.png]
[codervent.com/fobia/demo/ltr/assets/images/cards/09.png]
[codervent.com/fobia/demo/ltr/assets/images/cards/10.png]
[codervent.com/fobia/demo/ltr/assets/images/cards/11.png]
[codervent.com/fobia/demo/ltr/assets/images/cards/12.png]
[codervent.com/fobia/demo/ltr/assets/images/cards/13.png]
[codervent.com/fobia/demo/ltr/assets/images/cards/14.png]
[codervent.com/fobia/demo/ltr/assets/images/cards/04.png]
[codervent.com/fobia/demo/ltr/assets/images/cards/05.png]
[codervent.com/fobia/demo/ltr/assets/images/cards/06.png]
[codervent.com/fobia/demo/ltr/component-cards.html]
[codervent.com/fobia/demo/ltr/assets/images/carousel/01.jpg]
[codervent.com/fobia/demo/ltr/assets/images/carousel/02.jpg]
[codervent.com/fobia/demo/ltr/assets/images/carousel/03.jpg]
[codervent.com/fobia/demo/ltr/assets/images/carousel/04.jpg]
[codervent.com/fobia/demo/ltr/assets/images/carousel/05.jpg]
[codervent.com/fobia/demo/ltr/assets/images/carousel/06.jpg]
[codervent.com/fobia/demo/ltr/assets/images/carousel/07.jpg]
[codervent.com/fobia/demo/ltr/assets/images/carousel/08.jpg]
[codervent.com/fobia/demo/ltr/assets/images/carousel/09.jpg]
[codervent.com/fobia/demo/ltr/component-carousels.html]
[codervent.com/fobia/demo/ltr/component-list-groups.html]
[codervent.com/fobia/demo/ltr/assets/images/avatars/08.png]
[codervent.com/fobia/demo/ltr/assets/images/avatars/04.png]
[codervent.com/fobia/demo/ltr/assets/images/avatars/05.png]
[codervent.com/fobia/demo/ltr/assets/images/avatars/07.png]
[codervent.com/fobia/demo/ltr/assets/images/avatars/09.png]
[codervent.com/fobia/demo/ltr/assets/images/avatars/10.png]
[codervent.com/fobia/demo/ltr/component-media-object.html]
[codervent.com/fobia/demo/ltr/component-modals.html]
[codervent.com/fobia/demo/ltr/component-navs-tabs.html]
[codervent.com/fobia/demo/ltr/component-paginations.html]
[codervent.com/fobia/demo/ltr/assets/js/component-popovers-tooltips.js]
[codervent.com/fobia/demo/ltr/component-popovers-tooltips.html]
[codervent.com/fobia/demo/ltr/component-progress-bars.html]
[codervent.com/fobia/demo/ltr/component-spinners.html]
[codervent.com/fobia/demo/ltr/assets/plugins/notifications/css/lobibox.min.css]
[codervent.com/fobia/demo/ltr/assets/plugins/notifications/js/lobibox.min.js]
[codervent.com/fobia/demo/ltr/assets/plugins/notifications/js/notifications.min.js]
[codervent.com/fobia/demo/ltr/assets/plugins/notifications/js/notification-custom-script.js]
[codervent.com/fobia/demo/ltr/component-notifications.html]
[codervent.com/fobia/demo/ltr/icons-line-icons.html]
[codervent.com/fobia/demo/ltr/icons-boxicons.html]
[codervent.com/fobia/demo/ltr/icons-feather-icons.html]
[codervent.com/fobia/demo/ltr/assets/plugins/input-tags/css/tagsinput.css]
[codervent.com/fobia/demo/ltr/assets/plugins/input-tags/js/tagsinput.js]
[codervent.com/fobia/demo/ltr/form-elements.html]
[codervent.com/fobia/demo/ltr/form-input-group.html]
[codervent.com/fobia/demo/ltr/form-layouts.html]
[codervent.com/fobia/demo/ltr/assets/plugins/validation/jquery.validate.min.js]
[codervent.com/fobia/demo/ltr/assets/plugins/validation/validation-script.js]
[codervent.com/fobia/demo/ltr/form-validations.html]
[codervent.com/fobia/demo/ltr/assets/plugins/bs-stepper/css/bs-stepper.css]
[codervent.com/fobia/demo/ltr/assets/plugins/bs-stepper/js/bs-stepper.min.js]
[codervent.com/fobia/demo/ltr/assets/plugins/bs-stepper/js/main.js]
[codervent.com/fobia/demo/ltr/form-wizard.html]
[codervent.com/fobia/demo/ltr/form-radios-and-checkboxes.html]
[codervent.com/fobia/demo/ltr/assets/plugins/datetimepicker/css/classic.css]
[codervent.com/fobia/demo/ltr/assets/plugins/datetimepicker/css/classic.time.css]
[codervent.com/fobia/demo/ltr/assets/plugins/datetimepicker/css/classic.date.css]
[codervent.com/fobia/demo/ltr/assets/plugins/bootstrap-material-datetimepicker/css/bootstrap-material-datetimepicker.min.css]
[codervent.com/fobia/demo/ltr/assets/plugins/datetimepicker/js/legacy.js]
[codervent.com/fobia/demo/ltr/assets/plugins/datetimepicker/js/picker.js]
[codervent.com/fobia/demo/ltr/assets/plugins/datetimepicker/js/picker.time.js]
[codervent.com/fobia/demo/ltr/assets/plugins/datetimepicker/js/picker.date.js]
[codervent.com/fobia/demo/ltr/assets/plugins/bootstrap-material-datetimepicker/js/moment.min.js]
[codervent.com/fobia/demo/ltr/assets/plugins/bootstrap-material-datetimepicker/js/bootstrap-material-datetimepicker.min.js]
[codervent.com/fobia/demo/ltr/assets/js/form-date-time-pickes.js]
[codervent.com/fobia/demo/ltr/form-date-time-pickes.html]
[cdn.jsdelivr.net/npm/select2@4.1.0-rc.0/dist/css/select2.min.css]
[cdn.jsdelivr.net/npm/select2-bootstrap-5-theme@1.3.0/dist/select2-bootstrap-5-theme.min.css]
[cdn.jsdelivr.net/npm/select2@4.1.0-rc.0/dist/js/select2.min.js]
[codervent.com/fobia/demo/ltr/assets/plugins/select2/js/select2-custom.js]
[codervent.com/fobia/demo/ltr/form-select2.html]
[codervent.com/fobia/demo/ltr/table-basic-table.html]
[codervent.com/fobia/demo/ltr/table-advance-tables.html]
[codervent.com/fobia/demo/ltr/assets/plugins/datatable/css/dataTables.bootstrap5.min.css]
[codervent.com/fobia/demo/ltr/assets/plugins/datatable/js/dataTables.bootstrap5.min.js]
[codervent.com/fobia/demo/ltr/assets/js/table-datatable.js]
[codervent.com/fobia/demo/ltr/table-datatable.html]
[codervent.com/fobia/demo/ltr/assets/images/logo-icon-3.png]
[codervent.com/fobia/demo/ltr/assets/images/icons/google.png]
[codervent.com/fobia/demo/ltr/assets/images/icons/apple-black-logo.png]
[codervent.com/fobia/demo/ltr/authentication-sign-in-basic.html]
[codervent.com/fobia/demo/ltr/assets/images/icons/facebook.png]
[codervent.com/fobia/demo/ltr/authentication-sign-in-cover.html]
[codervent.com/fobia/demo/ltr/authentication-sign-in-simple.html]
[codervent.com/fobia/demo/ltr/authentication-sign-up-basic.html]
[codervent.com/fobia/demo/ltr/authentication-sign-up-cover.html]
[codervent.com/fobia/demo/ltr/authentication-sign-up-simple.html]
[codervent.com/fobia/demo/ltr/authentication-reset-password-basic.html]
[codervent.com/fobia/demo/ltr/authentication-reset-password-cover.html]
[codervent.com/fobia/demo/ltr/authentication-reset-password-simple.html]
[codervent.com/fobia/demo/ltr/pages-user-profile.html]
[codervent.com/fobia/demo/ltr/pages-edit-profile.html]
[codervent.com/fobia/demo/ltr/pages-invoices.html]
[codervent.com/fobia/demo/ltr/assets/js/todo.js]
[codervent.com/fobia/demo/ltr/pages-to-do.html]
[codervent.com/fobia/demo/ltr/pages-faq.html]
[codervent.com/fobia/demo/ltr/pages-pricing-tables.html]
[codervent.com/fobia/demo/ltr/index2.html]
[codervent.com/fobia/demo/ltr/assets/plugins/datatable/js/jquery.dataTables.min.js]
[codervent.com/fobia/demo/ltr/assets/images/error/404-error.png]
[codervent.com/fobia/demo/ltr/pages-errors-404-error.html]
[codervent.com/fobia/demo/ltr/assets/images/error/505-error.png]
[codervent.com/fobia/demo/ltr/pages-errors-500-error.html]
[codervent.com/fobia/demo/ltr/pages-errors-coming-soon.html]
[codervent.com/fobia/demo/ltr/pages-starter-page.html]
[codervent.com/fobia/demo/ltr/assets/plugins/apexcharts-bundle/js/apex-custom.js]
[codervent.com/fobia/demo/ltr/charts-apex-chart.html]
[codervent.com/fobia/demo/ltr/assets/plugins/chartjs/custom-script.js]
[codervent.com/fobia/demo/ltr/charts-chartjs.html]
[codervent.com/fobia/demo/ltr/assets/plugins/peity/jquery.peity.min.js]
[codervent.com/fobia/demo/ltr/assets/plugins/peity/jquery.peity.init.js]
[codervent.com/fobia/demo/ltr/charts-peity.html]
[codervent.com/fobia/demo/ltr/assets/plugins/jquery.easy-pie-chart/jquery.easypiechart.min.js]
[codervent.com/fobia/demo/ltr/assets/plugins/jquery.easy-pie-chart/easy-pie-chart.init.js]
[codervent.com/fobia/demo/ltr/assets/plugins/jquery-knob/excanvas.js]
[codervent.com/fobia/demo/ltr/assets/plugins/jquery-knob/jquery.knob.js]
[codervent.com/fobia/demo/ltr/charts-other.html]
[codervent.com/fobia/demo/ltr/assets/plugins/gmaps/map-custom-script.js]
[codervent.com/fobia/demo/ltr/map-google-maps.html]
[codervent.com/fobia/demo/ltr/assets/plugins/vectormap/jquery-jvectormap-2.0.2.css]
[codervent.com/fobia/demo/ltr/assets/plugins/vectormap/jquery-jvectormap-2.0.2.min.js]
[codervent.com/fobia/demo/ltr/assets/plugins/vectormap/jquery-jvectormap-world-mill-en.js]
[codervent.com/fobia/demo/ltr/assets/plugins/vectormap/jquery-jvectormap-in-mill.js]
[codervent.com/fobia/demo/ltr/assets/plugins/vectormap/jquery-jvectormap-us-aea-en.js]
[codervent.com/fobia/demo/ltr/assets/plugins/vectormap/jquery-jvectormap-uk-mill-en.js]
[codervent.com/fobia/demo/ltr/assets/plugins/vectormap/jquery-jvectormap-au-mill.js]
[codervent.com/fobia/demo/ltr/assets/plugins/vectormap/jvectormap.custom.js]
[codervent.com/fobia/demo/ltr/map-vector-maps.html]
[codervent.com/fobia/demo/ltr/assets/fonts/boxiconsd41d.svg]
[codervent.com/fobia/demo/ltr/assets/fonts/LineIcons.svg]
[codervent.com/fobia/demo/ltr/assets/flags/4x3/ad.html]
[codervent.com/fobia/demo/ltr/assets/flags/1x1/ad.html]
[codervent.com/fobia/demo/ltr/assets/flags/4x3/ae.html]
[codervent.com/fobia/demo/ltr/assets/flags/1x1/ae.html]
[codervent.com/fobia/demo/ltr/assets/flags/4x3/af.html]
[codervent.com/fobia/demo/ltr/assets/flags/1x1/af.html]
[codervent.com/fobia/demo/ltr/assets/flags/4x3/ag.html]
[codervent.com/fobia/demo/ltr/assets/flags/1x1/ag.html]
[codervent.com/fobia/demo/ltr/assets/flags/4x3/ai.html]
[codervent.com/fobia/demo/ltr/assets/flags/1x1/ai.html]
[codervent.com/fobia/demo/ltr/assets/flags/4x3/al.html]
[codervent.com/fobia/demo/ltr/assets/flags/1x1/al.html]
[codervent.com/fobia/demo/ltr/assets/flags/4x3/am.html]
[codervent.com/fobia/demo/ltr/assets/flags/1x1/am.html]
[codervent.com/fobia/demo/ltr/assets/flags/4x3/ao.html]
[codervent.com/fobia/demo/ltr/assets/flags/1x1/ao.html]
[codervent.com/fobia/demo/ltr/assets/flags/4x3/aq.html]
[codervent.com/fobia/demo/ltr/assets/flags/1x1/aq.html]
[codervent.com/fobia/demo/ltr/assets/flags/4x3/ar.html]
[codervent.com/fobia/demo/ltr/assets/flags/1x1/ar.html]
[codervent.com/fobia/demo/ltr/assets/flags/4x3/as.html]
[codervent.com/fobia/demo/ltr/assets/flags/1x1/as.html]
[codervent.com/fobia/demo/ltr/assets/flags/4x3/at.html]
[codervent.com/fobia/demo/ltr/assets/flags/1x1/at.html]
[codervent.com/fobia/demo/ltr/assets/flags/4x3/au.html]
[codervent.com/fobia/demo/ltr/assets/flags/1x1/au.html]
[codervent.com/fobia/demo/ltr/assets/flags/4x3/aw.html]
[codervent.com/fobia/demo/ltr/assets/flags/1x1/aw.html]
[codervent.com/fobia/demo/ltr/assets/flags/4x3/ax.html]
[codervent.com/fobia/demo/ltr/assets/flags/1x1/ax.html]
[codervent.com/fobia/demo/ltr/assets/flags/4x3/az.html]
[codervent.com/fobia/demo/ltr/assets/flags/1x1/az.html]
[codervent.com/fobia/demo/ltr/assets/flags/4x3/ba.html]
[codervent.com/fobia/demo/ltr/assets/flags/1x1/ba.html]
[codervent.com/fobia/demo/ltr/assets/flags/4x3/bb.html]
[codervent.com/fobia/demo/ltr/assets/flags/1x1/bb.html]
[codervent.com/fobia/demo/ltr/assets/flags/4x3/bd.html]
[codervent.com/fobia/demo/ltr/assets/flags/1x1/bd.html]
[codervent.com/fobia/demo/ltr/assets/flags/4x3/be.html]
[codervent.com/fobia/demo/ltr/assets/flags/1x1/be.html]
[codervent.com/fobia/demo/ltr/assets/flags/4x3/bf.html]
[codervent.com/fobia/demo/ltr/assets/flags/1x1/bf.html]
[codervent.com/fobia/demo/ltr/assets/flags/4x3/bg.html]
[codervent.com/fobia/demo/ltr/assets/flags/1x1/bg.html]
[codervent.com/fobia/demo/ltr/assets/flags/4x3/bh.html]
[codervent.com/fobia/demo/ltr/assets/flags/1x1/bh.html]
[codervent.com/fobia/demo/ltr/assets/flags/4x3/bi.html]
[codervent.com/fobia/demo/ltr/assets/flags/1x1/bi.html]
[codervent.com/fobia/demo/ltr/assets/flags/4x3/bj.html]
[codervent.com/fobia/demo/ltr/assets/flags/1x1/bj.html]
[codervent.com/fobia/demo/ltr/assets/flags/4x3/bl.html]
[codervent.com/fobia/demo/ltr/assets/flags/1x1/bl.html]
[codervent.com/fobia/demo/ltr/assets/flags/4x3/bm.html]
[codervent.com/fobia/demo/ltr/assets/flags/1x1/bm.html]
[codervent.com/fobia/demo/ltr/assets/flags/4x3/bn.html]
[codervent.com/fobia/demo/ltr/assets/flags/1x1/bn.html]
[codervent.com/fobia/demo/ltr/assets/flags/4x3/bo.html]
[codervent.com/fobia/demo/ltr/assets/flags/1x1/bo.html]
[codervent.com/fobia/demo/ltr/assets/flags/4x3/bq.html]
[codervent.com/fobia/demo/ltr/assets/flags/1x1/bq.html]
[codervent.com/fobia/demo/ltr/assets/flags/4x3/br.html]
[codervent.com/fobia/demo/ltr/assets/flags/1x1/br.html]
[codervent.com/fobia/demo/ltr/assets/flags/4x3/bs.html]
[codervent.com/fobia/demo/ltr/assets/flags/1x1/bs.html]
[codervent.com/fobia/demo/ltr/assets/flags/4x3/bt.html]
[codervent.com/fobia/demo/ltr/assets/flags/1x1/bt.html]
[codervent.com/fobia/demo/ltr/assets/flags/4x3/bv.html]
[codervent.com/fobia/demo/ltr/assets/flags/1x1/bv.html]
[codervent.com/fobia/demo/ltr/assets/flags/4x3/bw.html]
[codervent.com/fobia/demo/ltr/assets/flags/1x1/bw.html]
[codervent.com/fobia/demo/ltr/assets/flags/4x3/by.html]
[codervent.com/fobia/demo/ltr/assets/flags/1x1/by.html]
[codervent.com/fobia/demo/ltr/assets/flags/4x3/bz.html]
[codervent.com/fobia/demo/ltr/assets/flags/1x1/bz.html]
[codervent.com/fobia/demo/ltr/assets/flags/4x3/ca.html]
[codervent.com/fobia/demo/ltr/assets/flags/1x1/ca.html]
[codervent.com/fobia/demo/ltr/assets/flags/4x3/cc.html]
[codervent.com/fobia/demo/ltr/assets/flags/1x1/cc.html]
[codervent.com/fobia/demo/ltr/assets/flags/4x3/cd.html]
[codervent.com/fobia/demo/ltr/assets/flags/1x1/cd.html]
[codervent.com/fobia/demo/ltr/assets/flags/4x3/cf.html]
[codervent.com/fobia/demo/ltr/assets/flags/1x1/cf.html]
[codervent.com/fobia/demo/ltr/assets/flags/4x3/cg.html]
[codervent.com/fobia/demo/ltr/assets/flags/1x1/cg.html]
[codervent.com/fobia/demo/ltr/assets/flags/4x3/ch.html]
[codervent.com/fobia/demo/ltr/assets/flags/1x1/ch.html]
[codervent.com/fobia/demo/ltr/assets/flags/4x3/ci.html]
[codervent.com/fobia/demo/ltr/assets/flags/1x1/ci.html]
[codervent.com/fobia/demo/ltr/assets/flags/4x3/ck.html]
[codervent.com/fobia/demo/ltr/assets/flags/1x1/ck.html]
[codervent.com/fobia/demo/ltr/assets/flags/4x3/cl.html]
[codervent.com/fobia/demo/ltr/assets/flags/1x1/cl.html]
[codervent.com/fobia/demo/ltr/assets/flags/4x3/cm.html]
[codervent.com/fobia/demo/ltr/assets/flags/1x1/cm.html]
[codervent.com/fobia/demo/ltr/assets/flags/4x3/cn.html]
[codervent.com/fobia/demo/ltr/assets/flags/1x1/cn.html]
[codervent.com/fobia/demo/ltr/assets/flags/4x3/co.html]
[codervent.com/fobia/demo/ltr/assets/flags/1x1/co.html]
[codervent.com/fobia/demo/ltr/assets/flags/4x3/cr.html]
[codervent.com/fobia/demo/ltr/assets/flags/1x1/cr.html]
[codervent.com/fobia/demo/ltr/assets/flags/4x3/cu.html]
[codervent.com/fobia/demo/ltr/assets/flags/1x1/cu.html]
[codervent.com/fobia/demo/ltr/assets/flags/4x3/cv.html]
[codervent.com/fobia/demo/ltr/assets/flags/1x1/cv.html]
[codervent.com/fobia/demo/ltr/assets/flags/4x3/cw.html]
[codervent.com/fobia/demo/ltr/assets/flags/1x1/cw.html]
[codervent.com/fobia/demo/ltr/assets/flags/4x3/cx.html]
[codervent.com/fobia/demo/ltr/assets/flags/1x1/cx.html]
[codervent.com/fobia/demo/ltr/assets/flags/4x3/cy.html]
[codervent.com/fobia/demo/ltr/assets/flags/1x1/cy.html]
[codervent.com/fobia/demo/ltr/assets/flags/4x3/cz.html]
[codervent.com/fobia/demo/ltr/assets/flags/1x1/cz.html]
[codervent.com/fobia/demo/ltr/assets/flags/4x3/de.html]
[codervent.com/fobia/demo/ltr/assets/flags/1x1/de.html]
[codervent.com/fobia/demo/ltr/assets/flags/4x3/dj.html]
[codervent.com/fobia/demo/ltr/assets/flags/1x1/dj.html]
[codervent.com/fobia/demo/ltr/assets/flags/4x3/dk.html]
[codervent.com/fobia/demo/ltr/assets/flags/1x1/dk.html]
[codervent.com/fobia/demo/ltr/assets/flags/4x3/dm.html]
[codervent.com/fobia/demo/ltr/assets/flags/1x1/dm.html]
[codervent.com/fobia/demo/ltr/assets/flags/4x3/do.html]
[codervent.com/fobia/demo/ltr/assets/flags/1x1/do.html]
[codervent.com/fobia/demo/ltr/assets/flags/4x3/dz.html]
[codervent.com/fobia/demo/ltr/assets/flags/1x1/dz.html]
[codervent.com/fobia/demo/ltr/assets/flags/4x3/ec.html]
[codervent.com/fobia/demo/ltr/assets/flags/1x1/ec.html]
[codervent.com/fobia/demo/ltr/assets/flags/4x3/ee.html]
[codervent.com/fobia/demo/ltr/assets/flags/1x1/ee.html]
[codervent.com/fobia/demo/ltr/assets/flags/4x3/eg.html]
[codervent.com/fobia/demo/ltr/assets/flags/1x1/eg.html]
[codervent.com/fobia/demo/ltr/assets/flags/4x3/eh.html]
[codervent.com/fobia/demo/ltr/assets/flags/1x1/eh.html]
[codervent.com/fobia/demo/ltr/assets/flags/4x3/er.html]
[codervent.com/fobia/demo/ltr/assets/flags/1x1/er.html]
[codervent.com/fobia/demo/ltr/assets/flags/4x3/es.html]
[codervent.com/fobia/demo/ltr/assets/flags/1x1/es.html]
[codervent.com/fobia/demo/ltr/assets/flags/4x3/et.html]
[codervent.com/fobia/demo/ltr/assets/flags/1x1/et.html]
[codervent.com/fobia/demo/ltr/assets/flags/4x3/fi.html]
[codervent.com/fobia/demo/ltr/assets/flags/1x1/fi.html]
[codervent.com/fobia/demo/ltr/assets/flags/4x3/fj.html]
[codervent.com/fobia/demo/ltr/assets/flags/1x1/fj.html]
[codervent.com/fobia/demo/ltr/assets/flags/4x3/fk.html]
[codervent.com/fobia/demo/ltr/assets/flags/1x1/fk.html]
[codervent.com/fobia/demo/ltr/assets/flags/4x3/fm.html]
[codervent.com/fobia/demo/ltr/assets/flags/1x1/fm.html]
[codervent.com/fobia/demo/ltr/assets/flags/4x3/fo.html]
[codervent.com/fobia/demo/ltr/assets/flags/1x1/fo.html]
[codervent.com/fobia/demo/ltr/assets/flags/4x3/fr.html]
[codervent.com/fobia/demo/ltr/assets/flags/1x1/fr.html]
[codervent.com/fobia/demo/ltr/assets/flags/4x3/ga.html]
[codervent.com/fobia/demo/ltr/assets/flags/1x1/ga.html]
[codervent.com/fobia/demo/ltr/assets/flags/4x3/gb.html]
[codervent.com/fobia/demo/ltr/assets/flags/1x1/gb.html]
[codervent.com/fobia/demo/ltr/assets/flags/4x3/gd.html]
[codervent.com/fobia/demo/ltr/assets/flags/1x1/gd.html]
[codervent.com/fobia/demo/ltr/assets/flags/4x3/ge.html]
[codervent.com/fobia/demo/ltr/assets/flags/1x1/ge.html]
[codervent.com/fobia/demo/ltr/assets/flags/4x3/gf.html]
[codervent.com/fobia/demo/ltr/assets/flags/1x1/gf.html]
[codervent.com/fobia/demo/ltr/assets/flags/4x3/gg.html]
[codervent.com/fobia/demo/ltr/assets/flags/1x1/gg.html]
[codervent.com/fobia/demo/ltr/assets/flags/4x3/gh.html]
[codervent.com/fobia/demo/ltr/assets/flags/1x1/gh.html]
[codervent.com/fobia/demo/ltr/assets/flags/4x3/gi.html]
[codervent.com/fobia/demo/ltr/assets/flags/1x1/gi.html]
[codervent.com/fobia/demo/ltr/assets/flags/4x3/gl.html]
[codervent.com/fobia/demo/ltr/assets/flags/1x1/gl.html]
[codervent.com/fobia/demo/ltr/assets/flags/4x3/gm.html]
[codervent.com/fobia/demo/ltr/assets/flags/1x1/gm.html]
[codervent.com/fobia/demo/ltr/assets/flags/4x3/gn.html]
[codervent.com/fobia/demo/ltr/assets/flags/1x1/gn.html]
[codervent.com/fobia/demo/ltr/assets/flags/4x3/gp.html]
[codervent.com/fobia/demo/ltr/assets/flags/1x1/gp.html]
[codervent.com/fobia/demo/ltr/assets/flags/4x3/gq.html]
[codervent.com/fobia/demo/ltr/assets/flags/1x1/gq.html]
[codervent.com/fobia/demo/ltr/assets/flags/4x3/gr.html]
[codervent.com/fobia/demo/ltr/assets/flags/1x1/gr.html]
[codervent.com/fobia/demo/ltr/assets/flags/4x3/gs.html]
[codervent.com/fobia/demo/ltr/assets/flags/1x1/gs.html]
[codervent.com/fobia/demo/ltr/assets/flags/4x3/gt.html]
[codervent.com/fobia/demo/ltr/assets/flags/1x1/gt.html]
[codervent.com/fobia/demo/ltr/assets/flags/4x3/gu.html]
[codervent.com/fobia/demo/ltr/assets/flags/1x1/gu.html]
[codervent.com/fobia/demo/ltr/assets/flags/4x3/gw.html]
[codervent.com/fobia/demo/ltr/assets/flags/1x1/gw.html]
[codervent.com/fobia/demo/ltr/assets/flags/4x3/gy.html]
[codervent.com/fobia/demo/ltr/assets/flags/1x1/gy.html]
[codervent.com/fobia/demo/ltr/assets/flags/4x3/hk.html]
[codervent.com/fobia/demo/ltr/assets/flags/1x1/hk.html]
[codervent.com/fobia/demo/ltr/assets/flags/4x3/hm.html]
[codervent.com/fobia/demo/ltr/assets/flags/1x1/hm.html]
[codervent.com/fobia/demo/ltr/assets/flags/4x3/hn.html]
[codervent.com/fobia/demo/ltr/assets/flags/1x1/hn.html]
[codervent.com/fobia/demo/ltr/assets/flags/4x3/hr.html]
[codervent.com/fobia/demo/ltr/assets/flags/1x1/hr.html]
[codervent.com/fobia/demo/ltr/assets/flags/4x3/ht.html]
[codervent.com/fobia/demo/ltr/assets/flags/1x1/ht.html]
[codervent.com/fobia/demo/ltr/assets/flags/4x3/hu.html]
[codervent.com/fobia/demo/ltr/assets/flags/1x1/hu.html]
[codervent.com/fobia/demo/ltr/assets/flags/4x3/id.html]
[codervent.com/fobia/demo/ltr/assets/flags/1x1/id.html]
[codervent.com/fobia/demo/ltr/assets/flags/4x3/ie.html]
[codervent.com/fobia/demo/ltr/assets/flags/1x1/ie.html]
[codervent.com/fobia/demo/ltr/assets/flags/4x3/il.html]
[codervent.com/fobia/demo/ltr/assets/flags/1x1/il.html]
[codervent.com/fobia/demo/ltr/assets/flags/4x3/im.html]
[codervent.com/fobia/demo/ltr/assets/flags/1x1/im.html]
[codervent.com/fobia/demo/ltr/assets/flags/4x3/in.html]
[codervent.com/fobia/demo/ltr/assets/flags/1x1/in.html]
[codervent.com/fobia/demo/ltr/assets/flags/4x3/io.html]
[codervent.com/fobia/demo/ltr/assets/flags/1x1/io.html]
[codervent.com/fobia/demo/ltr/assets/flags/4x3/iq.html]
[codervent.com/fobia/demo/ltr/assets/flags/1x1/iq.html]
[codervent.com/fobia/demo/ltr/assets/flags/4x3/ir.html]
[codervent.com/fobia/demo/ltr/assets/flags/1x1/ir.html]
[codervent.com/fobia/demo/ltr/assets/flags/4x3/is.html]
[codervent.com/fobia/demo/ltr/assets/flags/1x1/is.html]
[codervent.com/fobia/demo/ltr/assets/flags/4x3/it.html]
[codervent.com/fobia/demo/ltr/assets/flags/1x1/it.html]
[codervent.com/fobia/demo/ltr/assets/flags/4x3/je.html]
[codervent.com/fobia/demo/ltr/assets/flags/1x1/je.html]
[codervent.com/fobia/demo/ltr/assets/flags/4x3/jm.html]
[codervent.com/fobia/demo/ltr/assets/flags/1x1/jm.html]
[codervent.com/fobia/demo/ltr/assets/flags/4x3/jo.html]
[codervent.com/fobia/demo/ltr/assets/flags/1x1/jo.html]
[codervent.com/fobia/demo/ltr/assets/flags/4x3/jp.html]
[codervent.com/fobia/demo/ltr/assets/flags/1x1/jp.html]
[codervent.com/fobia/demo/ltr/assets/flags/4x3/ke.html]
[codervent.com/fobia/demo/ltr/assets/flags/1x1/ke.html]
[codervent.com/fobia/demo/ltr/assets/flags/4x3/kg.html]
[codervent.com/fobia/demo/ltr/assets/flags/1x1/kg.html]
[codervent.com/fobia/demo/ltr/assets/flags/4x3/kh.html]
[codervent.com/fobia/demo/ltr/assets/flags/1x1/kh.html]
[codervent.com/fobia/demo/ltr/assets/flags/4x3/ki.html]
[codervent.com/fobia/demo/ltr/assets/flags/1x1/ki.html]
[codervent.com/fobia/demo/ltr/assets/flags/4x3/km.html]
[codervent.com/fobia/demo/ltr/assets/flags/1x1/km.html]
[codervent.com/fobia/demo/ltr/assets/flags/4x3/kn.html]
[codervent.com/fobia/demo/ltr/assets/flags/1x1/kn.html]
[codervent.com/fobia/demo/ltr/assets/flags/4x3/kp.html]
[codervent.com/fobia/demo/ltr/assets/flags/1x1/kp.html]
[codervent.com/fobia/demo/ltr/assets/flags/4x3/kr.html]
[codervent.com/fobia/demo/ltr/assets/flags/1x1/kr.html]
[codervent.com/fobia/demo/ltr/assets/flags/4x3/kw.html]
[codervent.com/fobia/demo/ltr/assets/flags/1x1/kw.html]
[codervent.com/fobia/demo/ltr/assets/flags/4x3/ky.html]
[codervent.com/fobia/demo/ltr/assets/flags/1x1/ky.html]
[codervent.com/fobia/demo/ltr/assets/flags/4x3/kz.html]
[codervent.com/fobia/demo/ltr/assets/flags/1x1/kz.html]
[codervent.com/fobia/demo/ltr/assets/flags/4x3/la.html]
[codervent.com/fobia/demo/ltr/assets/flags/1x1/la.html]
[codervent.com/fobia/demo/ltr/assets/flags/4x3/lb.html]
[codervent.com/fobia/demo/ltr/assets/flags/1x1/lb.html]
[codervent.com/fobia/demo/ltr/assets/flags/4x3/lc.html]
[codervent.com/fobia/demo/ltr/assets/flags/1x1/lc.html]
[codervent.com/fobia/demo/ltr/assets/flags/4x3/li.html]
[codervent.com/fobia/demo/ltr/assets/flags/1x1/li.html]
[codervent.com/fobia/demo/ltr/assets/flags/4x3/lk.html]
[codervent.com/fobia/demo/ltr/assets/flags/1x1/lk.html]
[codervent.com/fobia/demo/ltr/assets/flags/4x3/lr.html]
[codervent.com/fobia/demo/ltr/assets/flags/1x1/lr.html]
[codervent.com/fobia/demo/ltr/assets/flags/4x3/ls.html]
[codervent.com/fobia/demo/ltr/assets/flags/1x1/ls.html]
[codervent.com/fobia/demo/ltr/assets/flags/4x3/lt.html]
[codervent.com/fobia/demo/ltr/assets/flags/1x1/lt.html]
[codervent.com/fobia/demo/ltr/assets/flags/4x3/lu.html]
[codervent.com/fobia/demo/ltr/assets/flags/1x1/lu.html]
[codervent.com/fobia/demo/ltr/assets/flags/4x3/lv.html]
[codervent.com/fobia/demo/ltr/assets/flags/1x1/lv.html]
[codervent.com/fobia/demo/ltr/assets/flags/4x3/ly.html]
[codervent.com/fobia/demo/ltr/assets/flags/1x1/ly.html]
[codervent.com/fobia/demo/ltr/assets/flags/4x3/ma.html]
[codervent.com/fobia/demo/ltr/assets/flags/1x1/ma.html]
[codervent.com/fobia/demo/ltr/assets/flags/4x3/mc.html]
[codervent.com/fobia/demo/ltr/assets/flags/1x1/mc.html]
[codervent.com/fobia/demo/ltr/assets/flags/4x3/md.html]
[codervent.com/fobia/demo/ltr/assets/flags/1x1/md.html]
[codervent.com/fobia/demo/ltr/assets/flags/4x3/me.html]
[codervent.com/fobia/demo/ltr/assets/flags/1x1/me.html]
[codervent.com/fobia/demo/ltr/assets/flags/4x3/mf.html]
[codervent.com/fobia/demo/ltr/assets/flags/1x1/mf.html]
[codervent.com/fobia/demo/ltr/assets/flags/4x3/mg.html]
[codervent.com/fobia/demo/ltr/assets/flags/1x1/mg.html]
[codervent.com/fobia/demo/ltr/assets/flags/4x3/mh.html]
[codervent.com/fobia/demo/ltr/assets/flags/1x1/mh.html]
[codervent.com/fobia/demo/ltr/assets/flags/4x3/mk.html]
[codervent.com/fobia/demo/ltr/assets/flags/1x1/mk.html]
[codervent.com/fobia/demo/ltr/assets/flags/4x3/ml.html]
[codervent.com/fobia/demo/ltr/assets/flags/1x1/ml.html]
[codervent.com/fobia/demo/ltr/assets/flags/4x3/mm.html]
[codervent.com/fobia/demo/ltr/assets/flags/1x1/mm.html]
[codervent.com/fobia/demo/ltr/assets/flags/4x3/mn.html]
[codervent.com/fobia/demo/ltr/assets/flags/1x1/mn.html]
[codervent.com/fobia/demo/ltr/assets/flags/4x3/mo.html]
[codervent.com/fobia/demo/ltr/assets/flags/1x1/mo.html]
[codervent.com/fobia/demo/ltr/assets/flags/4x3/mp.html]
[codervent.com/fobia/demo/ltr/assets/flags/1x1/mp.html]
[codervent.com/fobia/demo/ltr/assets/flags/4x3/mq.html]
[codervent.com/fobia/demo/ltr/assets/flags/1x1/mq.html]
[codervent.com/fobia/demo/ltr/assets/flags/4x3/mr.html]
[codervent.com/fobia/demo/ltr/assets/flags/1x1/mr.html]
[codervent.com/fobia/demo/ltr/assets/flags/4x3/ms.html]
[codervent.com/fobia/demo/ltr/assets/flags/1x1/ms.html]
[codervent.com/fobia/demo/ltr/assets/flags/4x3/mt.html]
[codervent.com/fobia/demo/ltr/assets/flags/1x1/mt.html]
[codervent.com/fobia/demo/ltr/assets/flags/4x3/mu.html]
[codervent.com/fobia/demo/ltr/assets/flags/1x1/mu.html]
[codervent.com/fobia/demo/ltr/assets/flags/4x3/mv.html]
[codervent.com/fobia/demo/ltr/assets/flags/1x1/mv.html]
[codervent.com/fobia/demo/ltr/assets/flags/4x3/mw.html]
[codervent.com/fobia/demo/ltr/assets/flags/1x1/mw.html]
[codervent.com/fobia/demo/ltr/assets/flags/4x3/mx.html]
[codervent.com/fobia/demo/ltr/assets/flags/1x1/mx.html]
[codervent.com/fobia/demo/ltr/assets/flags/4x3/my.html]
[codervent.com/fobia/demo/ltr/assets/flags/1x1/my.html]
[codervent.com/fobia/demo/ltr/assets/flags/4x3/mz.html]
[codervent.com/fobia/demo/ltr/assets/flags/1x1/mz.html]
[codervent.com/fobia/demo/ltr/assets/flags/4x3/na.html]
[codervent.com/fobia/demo/ltr/assets/flags/1x1/na.html]
[codervent.com/fobia/demo/ltr/assets/flags/4x3/nc.html]
[codervent.com/fobia/demo/ltr/assets/flags/1x1/nc.html]
[codervent.com/fobia/demo/ltr/assets/flags/4x3/ne.html]
[codervent.com/fobia/demo/ltr/assets/flags/1x1/ne.html]
[codervent.com/fobia/demo/ltr/assets/flags/4x3/nf.html]
[codervent.com/fobia/demo/ltr/assets/flags/1x1/nf.html]
[codervent.com/fobia/demo/ltr/assets/flags/4x3/ng.html]
[codervent.com/fobia/demo/ltr/assets/flags/1x1/ng.html]
[codervent.com/fobia/demo/ltr/assets/flags/4x3/ni.html]
[codervent.com/fobia/demo/ltr/assets/flags/1x1/ni.html]
[codervent.com/fobia/demo/ltr/assets/flags/4x3/nl.html]
[codervent.com/fobia/demo/ltr/assets/flags/1x1/nl.html]
[codervent.com/fobia/demo/ltr/assets/flags/4x3/no.html]
[codervent.com/fobia/demo/ltr/assets/flags/1x1/no.html]
[codervent.com/fobia/demo/ltr/assets/flags/4x3/np.html]
[codervent.com/fobia/demo/ltr/assets/flags/1x1/np.html]
[codervent.com/fobia/demo/ltr/assets/flags/4x3/nr.html]
[codervent.com/fobia/demo/ltr/assets/flags/1x1/nr.html]
[codervent.com/fobia/demo/ltr/assets/flags/4x3/nu.html]
[codervent.com/fobia/demo/ltr/assets/flags/1x1/nu.html]
[codervent.com/fobia/demo/ltr/assets/flags/4x3/nz.html]
[codervent.com/fobia/demo/ltr/assets/flags/1x1/nz.html]
[codervent.com/fobia/demo/ltr/assets/flags/4x3/om.html]
[codervent.com/fobia/demo/ltr/assets/flags/1x1/om.html]
[codervent.com/fobia/demo/ltr/assets/flags/4x3/pa.html]
[codervent.com/fobia/demo/ltr/assets/flags/1x1/pa.html]
[codervent.com/fobia/demo/ltr/assets/flags/4x3/pe.html]
[codervent.com/fobia/demo/ltr/assets/flags/1x1/pe.html]
[codervent.com/fobia/demo/ltr/assets/flags/4x3/pf.html]
[codervent.com/fobia/demo/ltr/assets/flags/1x1/pf.html]
[codervent.com/fobia/demo/ltr/assets/flags/4x3/pg.html]
[codervent.com/fobia/demo/ltr/assets/flags/1x1/pg.html]
[codervent.com/fobia/demo/ltr/assets/flags/4x3/ph.html]
[codervent.com/fobia/demo/ltr/assets/flags/1x1/ph.html]
[codervent.com/fobia/demo/ltr/assets/flags/4x3/pk.html]
[codervent.com/fobia/demo/ltr/assets/flags/1x1/pk.html]
[codervent.com/fobia/demo/ltr/assets/flags/4x3/pl.html]
[codervent.com/fobia/demo/ltr/assets/flags/1x1/pl.html]
[codervent.com/fobia/demo/ltr/assets/flags/4x3/pm.html]
[codervent.com/fobia/demo/ltr/assets/flags/1x1/pm.html]
[codervent.com/fobia/demo/ltr/assets/flags/4x3/pn.html]
[codervent.com/fobia/demo/ltr/assets/flags/1x1/pn.html]
[codervent.com/fobia/demo/ltr/assets/flags/4x3/pr.html]
[codervent.com/fobia/demo/ltr/assets/flags/1x1/pr.html]
[codervent.com/fobia/demo/ltr/assets/flags/4x3/ps.html]
[codervent.com/fobia/demo/ltr/assets/flags/1x1/ps.html]
[codervent.com/fobia/demo/ltr/assets/flags/4x3/pt.html]
[codervent.com/fobia/demo/ltr/assets/flags/1x1/pt.html]
[codervent.com/fobia/demo/ltr/assets/flags/4x3/pw.html]
[codervent.com/fobia/demo/ltr/assets/flags/1x1/pw.html]
[codervent.com/fobia/demo/ltr/assets/flags/4x3/py.html]
[codervent.com/fobia/demo/ltr/assets/flags/1x1/py.html]
[codervent.com/fobia/demo/ltr/assets/flags/4x3/qa.html]
[codervent.com/fobia/demo/ltr/assets/flags/1x1/qa.html]
[codervent.com/fobia/demo/ltr/assets/flags/4x3/re.html]
[codervent.com/fobia/demo/ltr/assets/flags/1x1/re.html]
[codervent.com/fobia/demo/ltr/assets/flags/4x3/ro.html]
[codervent.com/fobia/demo/ltr/assets/flags/1x1/ro.html]
[codervent.com/fobia/demo/ltr/assets/flags/4x3/rs.html]
[codervent.com/fobia/demo/ltr/assets/flags/1x1/rs.html]
[codervent.com/fobia/demo/ltr/assets/flags/4x3/ru.html]
[codervent.com/fobia/demo/ltr/assets/flags/1x1/ru.html]
[codervent.com/fobia/demo/ltr/assets/flags/4x3/rw.html]
[codervent.com/fobia/demo/ltr/assets/flags/1x1/rw.html]
[codervent.com/fobia/demo/ltr/assets/flags/4x3/sa.html]
[codervent.com/fobia/demo/ltr/assets/flags/1x1/sa.html]
[codervent.com/fobia/demo/ltr/assets/flags/4x3/sb.html]
[codervent.com/fobia/demo/ltr/assets/flags/1x1/sb.html]
[codervent.com/fobia/demo/ltr/assets/flags/4x3/sc.html]
[codervent.com/fobia/demo/ltr/assets/flags/1x1/sc.html]
[codervent.com/fobia/demo/ltr/assets/flags/4x3/sd.html]
[codervent.com/fobia/demo/ltr/assets/flags/1x1/sd.html]
[codervent.com/fobia/demo/ltr/assets/flags/4x3/se.html]
[codervent.com/fobia/demo/ltr/assets/flags/1x1/se.html]
[codervent.com/fobia/demo/ltr/assets/flags/4x3/sg.html]
[codervent.com/fobia/demo/ltr/assets/flags/1x1/sg.html]
[codervent.com/fobia/demo/ltr/assets/flags/4x3/sh.html]
[codervent.com/fobia/demo/ltr/assets/flags/1x1/sh.html]
[codervent.com/fobia/demo/ltr/assets/flags/4x3/si.html]
[codervent.com/fobia/demo/ltr/assets/flags/1x1/si.html]
[codervent.com/fobia/demo/ltr/assets/flags/4x3/sj.html]
[codervent.com/fobia/demo/ltr/assets/flags/1x1/sj.html]
[codervent.com/fobia/demo/ltr/assets/flags/4x3/sk.html]
[codervent.com/fobia/demo/ltr/assets/flags/1x1/sk.html]
[codervent.com/fobia/demo/ltr/assets/flags/4x3/sl.html]
[codervent.com/fobia/demo/ltr/assets/flags/1x1/sl.html]
[codervent.com/fobia/demo/ltr/assets/flags/4x3/sm.html]
[codervent.com/fobia/demo/ltr/assets/flags/1x1/sm.html]
[codervent.com/fobia/demo/ltr/assets/flags/4x3/sn.html]
[codervent.com/fobia/demo/ltr/assets/flags/1x1/sn.html]
[codervent.com/fobia/demo/ltr/assets/flags/4x3/so.html]
[codervent.com/fobia/demo/ltr/assets/flags/1x1/so.html]
[codervent.com/fobia/demo/ltr/assets/flags/4x3/sr.html]
[codervent.com/fobia/demo/ltr/assets/flags/1x1/sr.html]
[codervent.com/fobia/demo/ltr/assets/flags/4x3/ss.html]
[codervent.com/fobia/demo/ltr/assets/flags/1x1/ss.html]
[codervent.com/fobia/demo/ltr/assets/flags/4x3/st.html]
[codervent.com/fobia/demo/ltr/assets/flags/1x1/st.html]
[codervent.com/fobia/demo/ltr/assets/flags/4x3/sv.html]
[codervent.com/fobia/demo/ltr/assets/flags/1x1/sv.html]
[codervent.com/fobia/demo/ltr/assets/flags/4x3/sx.html]
[codervent.com/fobia/demo/ltr/assets/flags/1x1/sx.html]
[codervent.com/fobia/demo/ltr/assets/flags/4x3/sy.html]
[codervent.com/fobia/demo/ltr/assets/flags/1x1/sy.html]
[codervent.com/fobia/demo/ltr/assets/flags/4x3/sz.html]
[codervent.com/fobia/demo/ltr/assets/flags/1x1/sz.html]
[codervent.com/fobia/demo/ltr/assets/flags/4x3/tc.html]
[codervent.com/fobia/demo/ltr/assets/flags/1x1/tc.html]
[codervent.com/fobia/demo/ltr/assets/flags/4x3/td.html]
[codervent.com/fobia/demo/ltr/assets/flags/1x1/td.html]
[codervent.com/fobia/demo/ltr/assets/flags/4x3/tf.html]
[codervent.com/fobia/demo/ltr/assets/flags/1x1/tf.html]
[codervent.com/fobia/demo/ltr/assets/flags/4x3/tg.html]
[codervent.com/fobia/demo/ltr/assets/flags/1x1/tg.html]
[codervent.com/fobia/demo/ltr/assets/flags/4x3/th.html]
[codervent.com/fobia/demo/ltr/assets/flags/1x1/th.html]
[codervent.com/fobia/demo/ltr/assets/flags/4x3/tj.html]
[codervent.com/fobia/demo/ltr/assets/flags/1x1/tj.html]
[codervent.com/fobia/demo/ltr/assets/flags/4x3/tk.html]
[codervent.com/fobia/demo/ltr/assets/flags/1x1/tk.html]
[codervent.com/fobia/demo/ltr/assets/flags/4x3/tl.html]
[codervent.com/fobia/demo/ltr/assets/flags/1x1/tl.html]
[codervent.com/fobia/demo/ltr/assets/flags/4x3/tm.html]
[codervent.com/fobia/demo/ltr/assets/flags/1x1/tm.html]
[codervent.com/fobia/demo/ltr/assets/flags/4x3/tn.html]
[codervent.com/fobia/demo/ltr/assets/flags/1x1/tn.html]
[codervent.com/fobia/demo/ltr/assets/flags/4x3/to.html]
[codervent.com/fobia/demo/ltr/assets/flags/1x1/to.html]
[codervent.com/fobia/demo/ltr/assets/flags/4x3/tr.html]
[codervent.com/fobia/demo/ltr/assets/flags/1x1/tr.html]
[codervent.com/fobia/demo/ltr/assets/flags/4x3/tt.html]
[codervent.com/fobia/demo/ltr/assets/flags/1x1/tt.html]
[codervent.com/fobia/demo/ltr/assets/flags/4x3/tv.html]
[codervent.com/fobia/demo/ltr/assets/flags/1x1/tv.html]
[codervent.com/fobia/demo/ltr/assets/flags/4x3/tw.html]
[codervent.com/fobia/demo/ltr/assets/flags/1x1/tw.html]
[codervent.com/fobia/demo/ltr/assets/flags/4x3/tz.html]
[codervent.com/fobia/demo/ltr/assets/flags/1x1/tz.html]
[codervent.com/fobia/demo/ltr/assets/flags/4x3/ua.html]
[codervent.com/fobia/demo/ltr/assets/flags/1x1/ua.html]
[codervent.com/fobia/demo/ltr/assets/flags/4x3/ug.html]
[codervent.com/fobia/demo/ltr/assets/flags/1x1/ug.html]
[codervent.com/fobia/demo/ltr/assets/flags/4x3/um.html]
[codervent.com/fobia/demo/ltr/assets/flags/1x1/um.html]
[codervent.com/fobia/demo/ltr/assets/flags/4x3/us.html]
[codervent.com/fobia/demo/ltr/assets/flags/1x1/us.html]
[codervent.com/fobia/demo/ltr/assets/flags/4x3/uy.html]
[codervent.com/fobia/demo/ltr/assets/flags/1x1/uy.html]
[codervent.com/fobia/demo/ltr/assets/flags/4x3/uz.html]
[codervent.com/fobia/demo/ltr/assets/flags/1x1/uz.html]
[codervent.com/fobia/demo/ltr/assets/flags/4x3/va.html]
[codervent.com/fobia/demo/ltr/assets/flags/1x1/va.html]
[codervent.com/fobia/demo/ltr/assets/flags/4x3/vc.html]
[codervent.com/fobia/demo/ltr/assets/flags/1x1/vc.html]
[codervent.com/fobia/demo/ltr/assets/flags/4x3/ve.html]
[codervent.com/fobia/demo/ltr/assets/flags/1x1/ve.html]
[codervent.com/fobia/demo/ltr/assets/flags/4x3/vg.html]
[codervent.com/fobia/demo/ltr/assets/flags/1x1/vg.html]
[codervent.com/fobia/demo/ltr/assets/flags/4x3/vi.html]
[codervent.com/fobia/demo/ltr/assets/flags/1x1/vi.html]
[codervent.com/fobia/demo/ltr/assets/flags/4x3/vn.html]
[codervent.com/fobia/demo/ltr/assets/flags/1x1/vn.html]
[codervent.com/fobia/demo/ltr/assets/flags/4x3/vu.html]
[codervent.com/fobia/demo/ltr/assets/flags/1x1/vu.html]
[codervent.com/fobia/demo/ltr/assets/flags/4x3/wf.html]
[codervent.com/fobia/demo/ltr/assets/flags/1x1/wf.html]
[codervent.com/fobia/demo/ltr/assets/flags/4x3/ws.html]
[codervent.com/fobia/demo/ltr/assets/flags/1x1/ws.html]
[codervent.com/fobia/demo/ltr/assets/flags/4x3/ye.html]
[codervent.com/fobia/demo/ltr/assets/flags/1x1/ye.html]
[codervent.com/fobia/demo/ltr/assets/flags/4x3/yt.html]
[codervent.com/fobia/demo/ltr/assets/flags/1x1/yt.html]
[codervent.com/fobia/demo/ltr/assets/flags/4x3/za.html]
[codervent.com/fobia/demo/ltr/assets/flags/1x1/za.html]
[codervent.com/fobia/demo/ltr/assets/flags/4x3/zm.html]
[codervent.com/fobia/demo/ltr/assets/flags/1x1/zm.html]
[codervent.com/fobia/demo/ltr/assets/flags/4x3/zw.html]
[codervent.com/fobia/demo/ltr/assets/flags/1x1/zw.html]
[codervent.com/fobia/demo/ltr/assets/flags/4x3/es-ct.html]
[codervent.com/fobia/demo/ltr/assets/flags/1x1/es-ct.html]
[codervent.com/fobia/demo/ltr/assets/flags/4x3/eu.html]
[codervent.com/fobia/demo/ltr/assets/flags/1x1/eu.html]
[codervent.com/fobia/demo/ltr/assets/flags/4x3/gb-eng.html]
[codervent.com/fobia/demo/ltr/assets/flags/1x1/gb-eng.html]
[codervent.com/fobia/demo/ltr/assets/flags/4x3/gb-nir.html]
[codervent.com/fobia/demo/ltr/assets/flags/1x1/gb-nir.html]
[codervent.com/fobia/demo/ltr/assets/flags/4x3/gb-sct.html]
[codervent.com/fobia/demo/ltr/assets/flags/1x1/gb-sct.html]
[codervent.com/fobia/demo/ltr/assets/flags/4x3/gb-wls.html]
[codervent.com/fobia/demo/ltr/assets/flags/1x1/gb-wls.html]
[codervent.com/fobia/demo/ltr/assets/flags/4x3/un.html]
[codervent.com/fobia/demo/ltr/assets/flags/1x1/un.html]
[codervent.com/fobia/demo/ltr/assets/plugins/nouislider/nouislider.min.css]
[codervent.com/fobia/demo/ltr/assets/plugins/OwlCarousel/css/owl.carousel.min.css]
[codervent.com/fobia/demo/ltr/assets/plugins/notifications/css/lobibox.min.css]
[codervent.com/fobia/demo/ltr/assets/plugins/input-tags/css/tagsinput.css]
[codervent.com/fobia/demo/ltr/assets/plugins/bs-stepper/css/bs-stepper.css]
[codervent.com/fobia/demo/ltr/assets/plugins/datetimepicker/css/classic.css]
[codervent.com/fobia/demo/ltr/assets/plugins/datetimepicker/css/classic.time.css]
[codervent.com/fobia/demo/ltr/assets/plugins/datetimepicker/css/classic.date.css]
[codervent.com/fobia/demo/ltr/assets/plugins/bootstrap-material-datetimepicker/css/bootstrap-material-datetimepicker.min.css]
[cdn.jsdelivr.net/npm/select2@4.1.0-rc.0/dist/css/select2.min.css]
[cdn.jsdelivr.net/npm/select2-bootstrap-5-theme@1.3.0/dist/select2-bootstrap-5-theme.min.css]
[codervent.com/fobia/demo/ltr/assets/plugins/datatable/css/dataTables.bootstrap5.min.css]
[codervent.com/fobia/demo/ltr/index2.html]
[codervent.com/fobia/demo/ltr/authentication-signup-with-header-footer.html]
[codervent.com/fobia/demo/ltr/assets/plugins/vectormap/jquery-jvectormap-2.0.2.css]
[codervent.com/fobia/demo/ltr/assets/plugins/OwlCarousel/css/owl.video.play.html]
